<testsuite tests="0" failures="0" time="" name="cyclonus">
    <properties></properties>
    <testcase classname="" name="test1" time=""></testcase>
    <testcase classname="" name="test2 with spaces" time="">
        <failure message="" type=""></failure>
    </testcase>
    <testcase classname="" name="test3 with + special %chars/" time=""></testcase>
    <testcase classname="" name="test4 with&#xA;newlines" time="">
        <failure message="" type=""></failure>
    </testcase>
</testsuite>