<testsuite tests="0" failures="0" time="" name="cyclonus"><properties></properties></testsuite>