<testsuite tests="0" failures="10" time="" name="cyclonus"><properties></properties></testsuite>